[www.coralviu.com/index.html]
[www.coralviu.com/cdn/shop/files/CORALVIU_LOGO_1cc4a.png]
[backblue.gif]
[fade.gif]
[index.html]
[www.coralviu.com/cdn/shop/t/2/assets/constantsa720.js]
[www.coralviu.com/cdn/shop/t/2/assets/pubsubf1a9.js]
[www.coralviu.com/cdn/shop/t/2/assets/global7f76.js]
[www.coralviu.com/cdn/shop/t/2/assets/animations47d7.js]
[www.coralviu.com/checkouts/internal/preloads8cdc.js]
[www.coralviu.com/modules/chunk.common_DeI5GJNH.esm.js]
[www.coralviu.com/cdn/shopifycloud/shopify/assets/storefront/load_feature-9f951eb7d8d53973c719de211f807d63af81c644e5b9a6ae72661ac408d472f6.js]
[www.coralviu.com/cdn/shopifycloud/shopify/assets/shopify_pay/storefront-80e528be853eac23af2454534897ca9536b1d3d04aa043b042f34879a3c111c8b805.js]
[www.coralviu.com/cdn/shopifycloud/shopify/assets/storefront/features-1c0b396bd4d054b94abae1eb6a1bd6ba47beb35525c57a217c77a862ff06d83f.js]
[www.coralviu.com/cdn/shopifycloud/privacy-banner/storefront-banner.js]
[www.coralviu.com/cdn/shop/t/2/compiled_assets/scripts58ae.js]
[www.coralviu.com/cdn/fonts/montserrat/montserrat_n4.1d581f6d4bf1a97f4cbc0b88b933bc136d38d178d64f.woff2]
[www.coralviu.com/cdn/fonts/montserrat/montserrat_n4.cfce41a967758ce5a9b7d48daeb5b028fd977a9b04fa.woff]
[www.coralviu.com/cdn/fonts/montserrat/montserrat_n7.c496e9cf2031deec4c4bca338faa81971c8631d448cb.woff2]
[www.coralviu.com/cdn/fonts/montserrat/montserrat_n7.78b0223375c94b39ce1af7e09a0225f2bb3d05f7b06c.woff]
[www.coralviu.com/cdn/fonts/montserrat/montserrat_i4.ae02483b3d5e8777d0d4a4ccf396482c364d8955abb0.woff2]
[www.coralviu.com/cdn/fonts/montserrat/montserrat_i4.ba28d1a04ec09448de486d83c63235903dfc0af80552.woff]
[www.coralviu.com/cdn/fonts/montserrat/montserrat_i7.83866c3eec90071fa974c17980ffb42977f9e6679a16.woff2]
[www.coralviu.com/cdn/fonts/montserrat/montserrat_i7.25524241b12d864609c85325613d60efcf1a87e37d6f.woff]
[www.coralviu.com/cdn/fonts/itc_novarese/itcnovarese_n4.dad506a3882e5164bfe9de1e692965e333d21827be9f.woff2]
[www.coralviu.com/cdn/fonts/itc_novarese/itcnovarese_n4.964e9266b21cebf7c2ad07e46604bd5196cdcf22748c.woff]
[www.coralviu.com/cdn/shop/t/2/assets/base0133.css]
[www.coralviu.com/cdn/shop/t/2/assets/component-localization-formbc23.css]
[www.coralviu.com/cdn/shop/t/2/assets/localization-form077d.js]
[www.coralviu.com/cdn/shop/t/2/assets/component-predictive-searchfb07.css]
[static.klaviyo.com/onsite/js/klaviyo3fb0.js]
[cdn.ecomposer.app/vendors/css/ecom-base.css]
[cdn.ecomposer.app/vendors/css/ecom-swiper@11.css]
[cdn.ecomposer.app/vendors/js/ecom-swiper@11.0.5.js]
[cdn.ecomposer.app/vendors/js/ecom_modal.js]
[www.coralviu.com/i]
[cdn.shopify.com/extensions/891410bb-f7c1-46d4-82d4-31bb97d232ba/puco-sections-blocks-4/assets/base.js]
[www.coralviu.com/cdn/shop/index.html]
[cdn.shopify.com/extensions/e4714f3e-f14a-4d1e-8572-b58686946456/dondy-whatsapp-chat-marketing-23/assets/ChatBubble.js]
[cdn.shopify.com/extensions/e4714f3e-f14a-4d1e-8572-b58686946456/dondy-whatsapp-chat-marketing-23/assets/ChatBubble.css]
[cdn.shopify.com/extensions/891410bb-f7c1-46d4-82d4-31bb97d232ba/puco-sections-blocks-4/assets/base.css]
[cdn.shopify.com/extensions/fd6377c5-8b99-4b80-9711-bb1a750b425d/tabs-studio-4/assets/s3340b1d9cf54.js]
[cdn.shopify.com/extensions/fd6377c5-8b99-4b80-9711-bb1a750b425d/tabs-studio-4/assets/ccf2dff1a1a65.css]
[cdn.shopify.com/extensions/9f399e60-fcca-4b57-9b5a-f0075db74b4e/ecomposer-builder-25/assets/ecom.js]
[www.coralviu.com/POST.3f.delayed]
[www.coralviu.com/cdn]
[www.coralviu.com/cdn/s/trekkie.storefront.a1ad2ab43a5932ff96084a0e2e69f51ba73ddbec.min.js]
[www.coralviu.com/cdn/shopifycloud/shopify/assets/shop_events_listener-61fa9e0a912c675e178777d2b27f6cbd482f8912a6b0aa31fa3515985a8cd626.js]
[www.coralviu.com/cdn/shopifycloud/boomerang/shopify-boomerang-1.0.0.min.js]
[www.coralviu.com/cdn/shopifycloud/perf-kit/shopify-perf-kit-unstable.min.js]
[www.coralviu.com/cdn/shop/t/2/assets/component-list-menu3fd7.css]
[www.coralviu.com/cdn/shop/t/2/assets/component-search745d.css]
[www.coralviu.com/cdn/shop/t/2/assets/component-menu-drawerd5a6.css]
[www.coralviu.com/cdn/shop/t/2/assets/component-cart-notification997d.css]
[www.coralviu.com/cdn/shop/t/2/assets/component-cart-items7aad.css]
[www.coralviu.com/cdn/shop/t/2/assets/component-pricedaa8.css]
[www.coralviu.com/cdn/shop/t/2/assets/component-mega-menu8ec9.css]
[www.coralviu.com/cdn/shop/t/2/assets/details-disclosure4cb3.js]
[www.coralviu.com/cdn/shop/t/2/assets/details-modal24f7.js]
[www.coralviu.com/cdn/shop/t/2/assets/cart-notificationdc0b.js]
[www.coralviu.com/cdn/shop/t/2/assets/search-formf315.js]
[www.coralviu.com/collections/all.html]
[www.coralviu.com/collections/anillos.html]
[www.coralviu.com/collections/pendientes.html]
[www.coralviu.com/collections/colgantes.html]
[www.coralviu.com/collections/brazaletes.html]
[www.coralviu.com/collections/esponja.html]
[www.coralviu.com/collections/petalo.html]
[www.coralviu.com/collections/gorgonia.html]
[www.coralviu.com/collections/coralina.html]
[www.coralviu.com/collections/eunicella.html]
[www.coralviu.com/collections/cayume.html]
[www.coralviu.com/pages/sobre-nosotros.html]
[www.coralviu.com/pages/colaboracion.html]
[www.coralviu.com/pages/contact.html]
[www.coralviu.com/cdn/shop/t/2/assets/component-loading-spinnerb9b4.css]
[www.coralviu.com/cdn/shop/files/logo_coralviu_2_7323efc2-de03-4bfc-898c-3c75898200ce4264.svg]
[www.coralviu.com/cart.html]
[www.coralviu.com/cdn/shop/t/2/assets/video-section6e26.css]
[www.coralviu.com/cdn/shop/t/2/assets/component-deferred-media001e.css]
[www.coralviu.com/cdn/shop/files/Sin_tituloa9b8.png]
[www.coralviu.com/cdn/shop/t/2/assets/section-rich-texta018.css]
[www.coralviu.com/cdn/shop/files/coralviu2022-36_dce441d6-c134-4454-82d4-fc2256acf3beac7b.jpg]
[www.coralviu.com/cdn/shop/files/Prod12008fb78.jpg]
[www.coralviu.com/cdn/shop/files/Prod50024ab0.jpg]
[www.coralviu.com/cdn/shop/files/Coralviu0469e02.jpg]
[www.coralviu.com/cdn/shop/files/truck_150x82b4.svg]
[www.coralviu.com/cdn/shop/files/arrow-repeat_150xb0ea.svg]
[www.coralviu.com/cdn/shop/files/credit-card_150xfa7e.svg]
[www.coralviu.com/cdn/shop/t/2/assets/component-card619c.css]
[www.coralviu.com/cdn/shop/t/2/assets/component-slider7ffe.css]
[www.coralviu.com/cdn/shop/t/2/assets/template-collection80d4.css]
[www.coralviu.com/cdn/shop/t/2/assets/quick-add144b.css]
[www.coralviu.com/cdn/shop/t/2/assets/quick-add39f1.js]
[www.coralviu.com/cdn/shop/t/2/assets/product-form1bd7.js]
[www.coralviu.com/cdn/shop/t/2/assets/component-ratingcda5.css]
[www.coralviu.com/cdn/shop/t/2/assets/component-volume-pricing2367.css]
[www.coralviu.com/cdn/shop/files/Prod210020544.jpg]
[www.coralviu.com/cdn/shop/files/Coralviu1910544.jpg]
[www.coralviu.com/products/pendiente-boton-esponja-banado-en-oro.html]
[www.coralviu.com/cdn/shop/files/Prod10002cfcf.jpg]
[www.coralviu.com/cdn/shop/files/Coralviu046cfcf.jpg]
[www.coralviu.com/products/pendiente-boton-esponja-plata.html]
[www.coralviu.com/cdn/shop/files/Prod5002a28c.jpg]
[www.coralviu.com/cdn/shop/files/Coralviu066e485.jpg]
[www.coralviu.com/products/brazalete-esponja-plata.html]
[www.coralviu.com/cdn/shop/files/BrazaleteEsponjaOro2b9b1.jpg]
[www.coralviu.com/cdn/shop/files/Coralviu189_1faf2.jpg]
[www.coralviu.com/products/brazalete-esponja-banado-en-oro.html]
[www.coralviu.com/cdn/shop/files/11A_0225_1500x4f14.jpg]
[www.coralviu.com/cdn/shop/files/ReelCover214b9.jpg]
[www.coralviu.com/cdn/shop/files/Coralviu103_1c5a5.jpg]
[www.coralviu.com/cdn/shop/files/portada9681.jpg]
[www.coralviu.com/cdn/shop/files/Coralviu066ad31.jpg]
[www.coralviu.com/cdn/shop/t/2/assets/component-newsletter45f0.css]
[www.coralviu.com/cdn/shop/t/2/assets/newsletter-section4c71.css]
[www.coralviu.com/cdn/shop/t/2/assets/section-footer7863.css]
[www.coralviu.com/cdn/shop/t/2/assets/component-list-paymentcc73.css]
[www.coralviu.com/cdn/shop/t/2/assets/component-list-socialc9f4.css]
[www.coralviu.com/pages/contacto.html]
[www.coralviu.com/pages/consejos-para-tus-joyas.html]
[www.coralviu.com/pages/envios-y-devoluciones.html]
[www.coralviu.com/pages/guia-de-tallas.html]
[www.coralviu.com/pages/aviso-legal-y-rgdp.html]
[www.coralviu.com/pages/cookies.html]
[www.coralviu.com/cdn/shop/files/CORALVIU_LOGO_BLANCO1f21.svg]
[www.coralviu.com/cdn/shop/files/logo_coralviu_2a14a.svg]
[www.coralviu.com/index.html]
[shop.app/checkouts/internal/preloadse4d1.js]
[www.coralviu.com/modules/chunk.common_DeI5GJNH.esm.js]
[www.coralviu.com/cdn/shop/t/2/assets/predictive-search2b7d.js]
[www.coralviu.com/cdn/shop/t/2/assets/sparkle.gif]
[www.coralviu.com/cdn/shop/t/2/assets/base0133.css]
[www.coralviu.com/cdn/shop/t/2/assets/component-localization-formbc23.css]
[www.coralviu.com/cdn/shop/t/2/assets/component-predictive-searchfb07.css]
[cdn.ecomposer.app/vendors/css/ecom-base.css]
[cdn.ecomposer.app/vendors/css/ecom-swiper@11.css]
[www.coralviu.com/cdn/shop/index.html]
[www.coralviu.com/i.html]
[cdn.shopify.com/extensions/e4714f3e-f14a-4d1e-8572-b58686946456/dondy-whatsapp-chat-marketing-23/assets/ChatBubble.css]
[cdn.shopify.com/extensions/891410bb-f7c1-46d4-82d4-31bb97d232ba/puco-sections-blocks-4/assets/base.css]
[cdn.shopify.com/extensions/fd6377c5-8b99-4b80-9711-bb1a750b425d/tabs-studio-4/assets/ccf2dff1a1a65.css]
[www.coralviu.com/POST.html]
[www.coralviu.com/cdn.html]
[www.coralviu.com/cdn/shop/t/2/assets/component-list-menu3fd7.css]
[www.coralviu.com/cdn/shop/t/2/assets/component-search745d.css]
[www.coralviu.com/cdn/shop/t/2/assets/component-menu-drawerd5a6.css]
[www.coralviu.com/cdn/shop/t/2/assets/component-cart-notification997d.css]
[www.coralviu.com/cdn/shop/t/2/assets/component-cart-items7aad.css]
[www.coralviu.com/cdn/shop/t/2/assets/component-pricedaa8.css]
[www.coralviu.com/cdn/shop/t/2/assets/component-mega-menu8ec9.css]
[www.coralviu.com/collections/all.atom]
[www.coralviu.com/collections/all4658.html]
[www.coralviu.com/collections/modules/chunk.common_DeI5GJNH.esm.js]
[www.coralviu.com/collections/i]
[www.coralviu.com/collections/POST]
[www.coralviu.com/cdn/shop/t/2/assets/component-facetsd8cb.css]
[www.coralviu.com/cdn/shop/t/2/assets/facets9bf5.js]
[www.coralviu.com/cdn/shop/t/2/assets/component-show-moreb93b.css]
[www.coralviu.com/cdn/shop/t/2/assets/component-visual-display288c.css]
[www.coralviu.com/cdn/shop/t/2/assets/show-more6029.js]
[www.coralviu.com/cdn/shop/files/CORALVIU-6363WEB_124da.jpg]
[www.coralviu.com/cdn/shop/files/coralviu2022-16124da.jpg]
[www.coralviu.com/products/anillo-cayume-banado-en-oro.html]
[www.coralviu.com/cdn/shop/files/CORALVIU-6377WEB83a5.jpg]
[www.coralviu.com/cdn/shop/files/coralviu2022-15983a5.jpg]
[www.coralviu.com/products/anillo-cayume-plata.html]
[www.coralviu.com/cdn/shop/files/CORALVIU-6343WEB_11zon623c.jpg]
[www.coralviu.com/cdn/shop/files/coralviu-84_11zon623c.jpg]
[www.coralviu.com/products/anillo-pequeno-coralina-banado-en-oro.html]
[www.coralviu.com/cdn/shop/files/CORALVIU-6393WEB_11zon6936.jpg]
[www.coralviu.com/cdn/shop/files/coralviu2-7_11zone618.jpg]
[www.coralviu.com/products/anillo-pequeno-coralina-plata.html]
[www.coralviu.com/cdn/shop/files/Prod15001_125af.jpg]
[www.coralviu.com/cdn/shop/files/Coralviu18725af.jpg]
[www.coralviu.com/products/anillo-esponja-banado-en-oro.html]
[www.coralviu.com/cdn/shop/files/Prod7001348e.jpg]
[www.coralviu.com/cdn/shop/files/Coralviu063c899.jpg]
[www.coralviu.com/products/anillo-esponja-plata.html]
[www.coralviu.com/cdn/shop/files/Prod20001ec3b.jpg]
[www.coralviu.com/cdn/shop/files/Coralviu18292d6.jpg]
[www.coralviu.com/products/anillo-eunicella-banado-en-oro-con-diamante-ecologico.html]
[www.coralviu.com/cdn/shop/files/AnilloEunicellaPlata48c2.jpg]
[www.coralviu.com/cdn/shop/files/Coralviu074_1ff91.jpg]
[www.coralviu.com/products/anillo-eunicella-plata-con-diamante-negro.html]
[www.coralviu.com/cdn/shop/files/CORALVIU-6352WEB_11zon4515.jpg]
[www.coralviu.com/cdn/shop/files/coralviu-77_11zon3355.jpg]
[www.coralviu.com/products/anillo-grande-coralina-banado-en-oro.html]
[www.coralviu.com/cdn/shop/files/CORALVIU-6413WEB_11zon46c3.jpg]
[www.coralviu.com/cdn/shop/files/coralviu-59_11zon46c3.jpg]
[www.coralviu.com/products/anillo-grande-coralina-plata.html]
[www.coralviu.com/cdn/shop/files/Prod12008e7eb.jpg]
[www.coralviu.com/cdn/shop/files/Coralviu165e7eb.jpg]
[www.coralviu.com/products/anillo-petalo-banado-en-oro.html]
[www.coralviu.com/cdn/shop/files/Prod4002_2f53c.jpg]
[www.coralviu.com/cdn/shop/files/Coralviu0360ba8.jpg]
[www.coralviu.com/products/anillo-petalo-plata.html]
[www.coralviu.com/cdn/shop/files/CORALVIU-6256WEB_11zon504a.jpg]
[www.coralviu.com/cdn/shop/files/coralviu2-2_11zonecf9.jpg]
[www.coralviu.com/products/aro-pequeno-coralina-banado-en-oro.html]
[www.coralviu.com/cdn/shop/files/CORALVIU-6423WEB_11zonceb6.jpg]
[www.coralviu.com/cdn/shop/files/coralviu2-6_11zonceb6.jpg]
[www.coralviu.com/products/aro-pequeno-coralina-plata.html]
[www.coralviu.com/cdn/shop/files/Prod13001078e.jpg]
[www.coralviu.com/cdn/shop/files/Coralviu196e1c2.jpg]
[www.coralviu.com/products/aro-esponja-banado-en-oro.html]
[www.coralviu.com/cdn/shop/files/Prod60069845.jpg]
[www.coralviu.com/cdn/shop/files/Coralviu067357e.jpg]
[www.coralviu.com/products/aro-esponja-plata.html]
[www.coralviu.com/cdn/shop/t/2/assets/component-pagination6d9c.css]
[www.coralviu.com/collections/all.html]
[www.coralviu.com/collections/all9ba9.html]
[www.coralviu.com/collections/anillos.atom]
[www.coralviu.com/collections/anillos.oembed]
[www.coralviu.com/collections/anillos.html]
[www.coralviu.com/collections/pendientes.atom]
[www.coralviu.com/collections/pendientes4658.html]
[www.coralviu.com/collections/pendientes.oembed]
[www.coralviu.com/cdn/shop/files/CORALVIU-6171WEB_11zon1f26.jpg]
[www.coralviu.com/cdn/shop/files/Coralviu0961f26.jpg]
[www.coralviu.com/products/pendiente-ramificacion-gorgonia-pequeno-banado-en-oro.html]
[www.coralviu.com/cdn/shop/files/Prod14001_1fa36.jpg]
[www.coralviu.com/cdn/shop/files/Coralviu00617e4.jpg]
[www.coralviu.com/products/pendiente-boton-petalo-plata.html]
[www.coralviu.com/cdn/shop/files/CORALVIU-6517HD_1ade3.jpg]
[www.coralviu.com/cdn/shop/files/coralviu2022-157ade3.jpg]
[www.coralviu.com/products/pendiente-cayume-plata.html]
[www.coralviu.com/cdn/shop/files/CORALVIU-6504WEB_11zoncd8b.jpg]
[www.coralviu.com/cdn/shop/files/Coralviu1098b9f.jpg]
[www.coralviu.com/products/pendiente-ramificacion-gorgonia-grande-plata.html]
[www.coralviu.com/cdn/shop/files/CORALVIU-6462WEB_11zonb0c6.jpg]
[www.coralviu.com/cdn/shop/files/coralviu2-821b3.jpg]
[www.coralviu.com/products/pendiente-boton-coralina-plata.html]
[www.coralviu.com/cdn/shop/files/CORALVIU-6273WEB33dd.jpg]
[www.coralviu.com/cdn/shop/files/coralviu-14_11zon5029.jpg]
[www.coralviu.com/products/pendiente-boton-coralina-banado-en-oro.html]
[www.coralviu.com/cdn/shop/files/CORALVIU-6436WEB_11zonc612.jpg]
[www.coralviu.com/cdn/shop/files/coralviu-58_11zon5408.jpg]
[www.coralviu.com/products/aro-grande-coralina-plata.html]
[www.coralviu.com/cdn/shop/files/PendienteBotonPetaloOro3e9d9.jpg]
[www.coralviu.com/cdn/shop/files/Coralviu171d610.jpg]
[www.coralviu.com/products/pendiente-boton-petalo-banado-en-oro.html]
[www.coralviu.com/cdn/shop/files/CORALVIU-6219WEB73cf.jpg]
[www.coralviu.com/cdn/shop/files/coralviu2022-15873cf.jpg]
[www.coralviu.com/products/pendiente-cayume-banado-en-oro.html]
[www.coralviu.com/cdn/shop/files/CORALVIU-6485WEB_11zon496d.jpg]
[www.coralviu.com/cdn/shop/files/Coralviu108_11zon80c2.jpg]
[www.coralviu.com/products/pendiente-ramificacion-gorgonia-pequeno-plata.html]
[www.coralviu.com/cdn/shop/files/CORALVIU-6165WEB_11zon3829.jpg]
[www.coralviu.com/cdn/shop/files/coralviu2022-40_11zon78a0.jpg]
[www.coralviu.com/products/pendiente-ramificacion-gorgonia-grande-banado-en-oro.html]
[www.coralviu.com/cdn/shop/files/CORALVIU-6252WEB_11zondf35.jpg]
[www.coralviu.com/cdn/shop/files/coralviu-75_11zondf35.jpg]
[www.coralviu.com/products/aro-grande-coralina-banado-en-oro.html]
[www.coralviu.com/cdn/shop/files/Prod170037fd1.jpg]
[www.coralviu.com/cdn/shop/files/Coralviu168a866.jpg]
[www.coralviu.com/collections/pendientes.html]
[www.coralviu.com/products/pendiente-doble-petalo-plata.html]
[www.coralviu.com/collections/colgantes.atom]
[www.coralviu.com/collections/colgantes.oembed]
[www.coralviu.com/cdn/shop/files/CORALVIU-6104WEB_4b7bb8cb-df91-49a3-b85d-c4c45c708d820f7d.jpg]
[www.coralviu.com/cdn/shop/files/coralviu2022-35_d2886a5b-d7d1-4aea-985c-6409e29b4d7b50a4.jpg]
[www.coralviu.com/products/colgante-largo-gorgonia-banado-en-oro-70cm.html]
[www.coralviu.com/cdn/shop/files/CORALVIU-6122WEBeb0b.jpg]
[www.coralviu.com/cdn/shop/files/Coralviu1755e3a.jpg]
[www.coralviu.com/products/colgante-lateral-gorgonia-banado-en-oro-40cm.html]
[www.coralviu.com/cdn/shop/files/CORALVIU-6564WEB_11zon_6f2c5e5c-d708-4dd8-b163-209448302b24937d.jpg]
[www.coralviu.com/cdn/shop/files/coralviu2022-57_11zoncb3a.jpg]
[www.coralviu.com/products/colgante-largo-gorgonia-plata-70cm.html]
[www.coralviu.com/cdn/shop/files/CORALVIU-6560WEB_11zona6ac.jpg]
[www.coralviu.com/cdn/shop/files/Coralviu110_11zon1af7.jpg]
[www.coralviu.com/products/colgante-corto-gorgonia-plata-40cm.html]
[www.coralviu.com/cdn/shop/files/CORALVIU-6538WEB0a99.jpg]
[www.coralviu.com/cdn/shop/files/coralviu2022-1490a99.jpg]
[www.coralviu.com/products/colgante-cayume-plata-40cm.html]
[www.coralviu.com/cdn/shop/files/CORALVIU-6141WEB12d0.jpg]
[www.coralviu.com/cdn/shop/files/coralviu2022-14412d0.jpg]
[www.coralviu.com/products/colgante-cayume-banado-en-oro-40cm.html]
[www.coralviu.com/cdn/shop/files/CORALVIU-6528WEB_11zon672e.jpg]
[www.coralviu.com/cdn/shop/files/Coralviu106_11zon9fd5.jpg]
[www.coralviu.com/products/colgante-lateral-gorgonia-plata-40cm.html]
[www.coralviu.com/cdn/shop/files/CORALVIU-6102WEB94a0.jpg]
[www.coralviu.com/cdn/shop/files/Coralviu103_17e12.jpg]
[www.coralviu.com/products/colgante-corto-gorgonia-banado-en-oro-40cm.html]
[www.coralviu.com/cdn/shop/files/Prod11001_1eb44.jpg]
[www.coralviu.com/cdn/shop/files/Coralviu0081399.jpg]
[www.coralviu.com/products/colgante-triple-petalo-plata.html]
[www.coralviu.com/cdn/shop/files/Prod1600337a2.jpg]
[www.coralviu.com/cdn/shop/files/Coralviu17237a2.jpg]
[www.coralviu.com/products/colgante-triple-petalo-banado-en-oro.html]
[www.coralviu.com/cdn/shop/files/Prod8002_1b8fa.jpg]
[www.coralviu.com/cdn/shop/files/Coralviu0251de2.jpg]
[www.coralviu.com/products/colgante-solitario-petalo-plata.html]
[www.coralviu.com/cdn/shop/files/Prod18004325b.jpg]
[www.coralviu.com/cdn/shop/files/Coralviu1662d71.jpg]
[www.coralviu.com/collections/colgantes.html]
[www.coralviu.com/products/colgante-solitario-petalo-banado-en-oro.html]
[www.coralviu.com/collections/brazaletes.atom]
[www.coralviu.com/collections/brazaletes.oembed]
[www.coralviu.com/cdn/shop/files/Prod9002d664.jpg]
[www.coralviu.com/cdn/shop/files/Coralviu078d664.jpg]
[www.coralviu.com/products/brazalete-eunicella-plata.html]
[www.coralviu.com/cdn/shop/files/Prod19001_154df.jpg]
[www.coralviu.com/cdn/shop/files/Coralviu17759b1.jpg]
[www.coralviu.com/collections/brazaletes.html]
[www.coralviu.com/products/brazalete-eunicella-banado-en-oro.html]
[www.coralviu.com/collections/esponja.atom]
[www.coralviu.com/collections/esponja.oembed]
[www.coralviu.com/cdn/shop/files/preview_images/c5fe81c24bca4b28a86e5b31b5f16310.thumbnail.0000000000_1100x9fec.jpg]
[www.coralviu.com/cdn/shop/videos/c/vp/c5fe81c24bca4b28a86e5b31b5f16310/c5fe81c24bca4b28a86e5b31b5f16310.HD-720p-3.0Mbps-24773789a4f0.mp4]
[www.coralviu.com/cdn/shop/files/preview_images/c5fe81c24bca4b28a86e5b31b5f16310.thumbnail.0000000000b3d2.jpg]
[www.coralviu.com/collections/esponja.html]
[www.coralviu.com/collections/petalo.atom]
[www.coralviu.com/collections/petalo.oembed]
[www.coralviu.com/cdn/shop/files/preview_images/Portada_Petalo_1100x3461.png]
[www.coralviu.com/cdn/shop/videos/c/vp/bd64e3c363794dfabe6e678e79bc9f80/bd64e3c363794dfabe6e678e79bc9f80.HD-720p-4.5Mbps-24774430a4f0.mp4]
[www.coralviu.com/cdn/shop/files/preview_images/Portada_Petalo6c8e.png]
[www.coralviu.com/cdn/shop/files/PetaloDobleOro1955d.jpg]
[www.coralviu.com/cdn/shop/files/Coralviu1672b1e.jpg]
[www.coralviu.com/collections/petalo.html]
[www.coralviu.com/products/pendiente-doble-petalo-banado-en-oro.html]
[www.coralviu.com/collections/gorgonia.atom]
[www.coralviu.com/collections/gorgonia.oembed]
[www.coralviu.com/cdn/shop/files/preview_images/3920509c2d664a60a08faefae6792ca0.thumbnail.0000000000_1100x7071.jpg]
[www.coralviu.com/cdn/shop/videos/c/vp/3920509c2d664a60a08faefae6792ca0/3920509c2d664a60a08faefae6792ca0.HD-1080p-7.2Mbps-24775576a4f0.mp4]
[www.coralviu.com/cdn/shop/files/preview_images/3920509c2d664a60a08faefae6792ca0.thumbnail.0000000000b3b5.jpg]
[www.coralviu.com/collections/gorgonia.html]
[www.coralviu.com/collections/coralina.atom]
[www.coralviu.com/collections/coralina.oembed]
[www.coralviu.com/cdn/shop/files/preview_images/3576e54aed4243d484a116e4c1817f89.thumbnail.0000000000_1100xdf94.jpg]
[www.coralviu.com/cdn/shop/videos/c/vp/3576e54aed4243d484a116e4c1817f89/3576e54aed4243d484a116e4c1817f89.HD-1080p-7.2Mbps-24776316a4f0.mp4]
[www.coralviu.com/cdn/shop/files/preview_images/3576e54aed4243d484a116e4c1817f89.thumbnail.00000000007493.jpg]
[www.coralviu.com/collections/coralina.html]
[www.coralviu.com/collections/eunicella.atom]
[www.coralviu.com/collections/eunicella.oembed]
[www.coralviu.com/cdn/shop/files/preview_images/9150231a8672429e992bc0ddb225df9c.thumbnail.0000000000_1100x8f67.jpg]
[www.coralviu.com/cdn/shop/videos/c/vp/9150231a8672429e992bc0ddb225df9c/9150231a8672429e992bc0ddb225df9c.HD-720p-4.5Mbps-24776722a4f0.mp4]
[www.coralviu.com/cdn/shop/files/preview_images/9150231a8672429e992bc0ddb225df9c.thumbnail.000000000094d0.jpg]
[www.coralviu.com/collections/eunicella.html]
[www.coralviu.com/collections/cayume.atom]
[www.coralviu.com/collections/cayume.oembed]
[www.coralviu.com/cdn/shop/files/preview_images/pexels-daniel-torobekov-5277692_1_1100xcb3f.jpg]
[www.coralviu.com/cdn/shop/videos/c/vp/f32ed0eabfc648ffaf1c86e8a70ac68a/f32ed0eabfc648ffaf1c86e8a70ac68a.HD-1080p-7.2Mbps-22624336a4f0.mp4]
[www.coralviu.com/cdn/shop/files/preview_images/pexels-daniel-torobekov-5277692_13208.jpg]
[www.coralviu.com/collections/cayume.html]
[www.coralviu.com/pages/modules/chunk.common_DeI5GJNH.esm.js]
[www.coralviu.com/pages/i]
[www.coralviu.com/pages/POST]
[www.coralviu.com/cdn/shop/files/preview_images/f0217fcfaf274e3e8984aa18d0fc44b4.thumbnail.0000000000_1100xa89e.jpg]
[www.coralviu.com/cdn/shop/videos/c/vp/f0217fcfaf274e3e8984aa18d0fc44b4/f0217fcfaf274e3e8984aa18d0fc44b4.HD-720p-4.5Mbps-24567573a4f0.mp4]
[www.coralviu.com/cdn/shop/files/preview_images/f0217fcfaf274e3e8984aa18d0fc44b4.thumbnail.0000000000120a.jpg]
[www.coralviu.com/cdn/shop/files/fer-2_750xce40.jpg]
[www.coralviu.com/cdn/shop/files/maria_750xa4df.jpg]
[www.coralviu.com/cdn/shop/files/DetallesmacroCoralina_2e25f.jpg]
[www.coralviu.com/cdn/shop/files/Mitjanaislaef22.jpg]
[www.coralviu.com/cdn/shop/files/Captura_de_pantalla_2015-06-04_a_la_s_22.36.05_11zon_b4a5dcef-cb76-4184-ae8a-cf40c5017d764bba.jpg]
[www.coralviu.com/cdn/shop/files/Boceto_15cb3.jpg]
[www.coralviu.com/cdn/shop/files/Diseno3Df6d5.jpg]
[www.coralviu.com/cdn/shop/files/1A_0216-scaled-e164607587474697a8.jpg]
[www.coralviu.com/cdn/shop/files/sobre_nosotros_11zonab70.jpg]
[www.coralviu.com/cdn/shop/files/6_750x7c32.jpg]
[www.coralviu.com/pages/sobre-nosotros.html]
[www.coralviu.com/cdn/shop/files/Nuestro-compromiso_750x0892.jpg]
[www.coralviu.com/cdn/shop/files/Colaboracion_750x6d35.jpg]
[www.coralviu.com/pages/colaboracion.html]
[www.coralviu.com/pages/contact.html]
[www.coralviu.com/cdn/shop/t/2/assets/component-loading-spinnerb9b4.css]
[www.coralviu.com/cdn/shop/files/logo_coralviu_2_7323efc2-de03-4bfc-898c-3c75898200ce4264.svg]
[www.coralviu.com/cdn/shop/t/2/assets/section-contact-formdf16.css]
[www.coralviu.com/cdn/shop/t/2/assets/component-cart76cf.css]
[www.coralviu.com/cdn/shop/t/2/assets/component-totals132e.css]
[www.coralviu.com/cdn/shop/t/2/assets/component-discounts5cfa.css]
[www.coralviu.com/cdn/shop/t/2/assets/quantity-popover0344.css]
[www.coralviu.com/cdn/shop/t/2/assets/cart26b9.js]
[www.coralviu.com/cart.html]
[www.coralviu.com/cdn/shop/t/2/assets/video-section6e26.css]
[www.coralviu.com/cdn/shop/t/2/assets/component-deferred-media001e.css]
[www.coralviu.com/cdn/shop/t/2/assets/section-rich-texta018.css]
[www.coralviu.com/cdn/shop/files/truck_150x82b4.svg]
[www.coralviu.com/cdn/shop/files/arrow-repeat_150xb0ea.svg]
[www.coralviu.com/cdn/shop/files/credit-card_150xfa7e.svg]
[www.coralviu.com/cdn/shop/t/2/assets/component-card619c.css]
[www.coralviu.com/cdn/shop/t/2/assets/component-slider7ffe.css]
[www.coralviu.com/cdn/shop/t/2/assets/template-collection80d4.css]
[www.coralviu.com/cdn/shop/t/2/assets/quick-add144b.css]
[www.coralviu.com/cdn/shop/t/2/assets/component-ratingcda5.css]
[www.coralviu.com/cdn/shop/t/2/assets/component-volume-pricing2367.css]
[www.coralviu.com/cdn/shop/t/2/assets/quantity-popoverbff8.js]
[www.coralviu.com/Trident/index.html]
[www.coralviu.com/products/pendiente-boton-esponja-banado-en-oro.oembed]
[www.coralviu.com/products/modules/chunk.common_DeI5GJNH.esm.js]
[www.coralviu.com/products/i]
[www.coralviu.com/products/POST]
[www.coralviu.com/cdn/shop/t/2/assets/section-main-product0a4f.css]
[www.coralviu.com/cdn/shop/t/2/assets/component-accordion79d8.css]
[www.coralviu.com/cdn/shop/t/2/assets/product-info0f69.js]
[www.coralviu.com/cdn/shop/t/2/assets/magnify5e03.js]
[www.coralviu.com/cdn/shop/files/Prod210020652.jpg]
[www.coralviu.com/cdn/shop/files/Coralviu1910652.jpg]
[www.coralviu.com/cdn/shop/files/Prod210010652.jpg]
[www.coralviu.com/cdn/shop/files/Prod210028a59.jpg]
[www.coralviu.com/cdn/shop/files/Coralviu1918a59.jpg]
[www.coralviu.com/cdn/shop/files/Prod210018a59.jpg]
[www.coralviu.com/cdn/shop/t/2/assets/component-pickup-availabilityc6d7.css]
[www.coralviu.com/cdn/shop/t/2/assets/pickup-availability8a00.js]
[www.coralviu.com/cdn/shop/files/Prod21002a572.jpg]
[www.coralviu.com/cdn/shop/files/Coralviu191a572.jpg]
[www.coralviu.com/cdn/shop/files/Prod21001a572.jpg]
[www.coralviu.com/cdn/shop/t/2/assets/product-modalc346.js]
[www.coralviu.com/cdn/shop/t/2/assets/media-gallery8491.js]
[www.coralviu.com/products/pendiente-boton-esponja-banado-en-oro.html]
[www.coralviu.com/cdn/shop/t/2/assets/section-related-productsa5b2.css]
[www.coralviu.com/products/Trident/index.html]
[www.coralviu.com/products/pendiente-boton-esponja-plata.oembed]
[www.coralviu.com/cdn/shop/files/Prod100028082.jpg]
[www.coralviu.com/cdn/shop/files/Coralviu0468082.jpg]
[www.coralviu.com/cdn/shop/files/Prod100018082.jpg]
[www.coralviu.com/cdn/shop/files/Coralviu0498082.jpg]
[www.coralviu.com/cdn/shop/files/Prod100028825.jpg]
[www.coralviu.com/cdn/shop/files/Coralviu0468825.jpg]
[www.coralviu.com/cdn/shop/files/Prod100018825.jpg]
[www.coralviu.com/cdn/shop/files/Coralviu0498825.jpg]
[www.coralviu.com/cdn/shop/files/Prod10002c4c3.jpg]
[www.coralviu.com/cdn/shop/files/Coralviu046c4c3.jpg]
[www.coralviu.com/cdn/shop/files/Prod10001c4c3.jpg]
[www.coralviu.com/cdn/shop/files/Coralviu049c4c3.jpg]
[www.coralviu.com/products/pendiente-boton-esponja-plata.html]
[www.coralviu.com/products/brazalete-esponja-plata.oembed]
[www.coralviu.com/cdn/shop/files/Prod5002d640.jpg]
[www.coralviu.com/cdn/shop/files/Coralviu0668755.jpg]
[www.coralviu.com/cdn/shop/files/Prod50030002.jpg]
[www.coralviu.com/cdn/shop/files/Coralviu069b288.jpg]
[www.coralviu.com/cdn/shop/files/Prod50026d36.jpg]
[www.coralviu.com/cdn/shop/files/Coralviu0662558.jpg]
[www.coralviu.com/cdn/shop/files/Prod5003005d.jpg]
[www.coralviu.com/cdn/shop/files/Coralviu069da43.jpg]
[www.coralviu.com/cdn/shop/files/Prod5002bec9.jpg]
[www.coralviu.com/cdn/shop/files/Coralviu06676e0.jpg]
[www.coralviu.com/cdn/shop/files/Prod500329b7.jpg]
[www.coralviu.com/cdn/shop/files/Coralviu069ff64.jpg]
[www.coralviu.com/products/brazalete-esponja-plata.html]
[www.coralviu.com/products/brazalete-esponja-banado-en-oro.oembed]
[www.coralviu.com/cdn/shop/files/BrazaleteEsponjaOro29033.jpg]
[www.coralviu.com/cdn/shop/files/Coralviu189_11b1a.jpg]
[www.coralviu.com/cdn/shop/files/BrazaleteEsponjaOro31b1a.jpg]
[www.coralviu.com/cdn/shop/files/BrazaleteEsponjaOro2006a.jpg]
[www.coralviu.com/cdn/shop/files/Coralviu189_12bad.jpg]
[www.coralviu.com/cdn/shop/files/BrazaleteEsponjaOro32bad.jpg]
[www.coralviu.com/cdn/shop/files/BrazaleteEsponjaOro27b1d.jpg]
[www.coralviu.com/cdn/shop/files/Coralviu189_18b33.jpg]
[www.coralviu.com/cdn/shop/files/BrazaleteEsponjaOro38b33.jpg]
[www.coralviu.com/products/brazalete-esponja-banado-en-oro.html]
[www.coralviu.com/cdn/shop/t/2/assets/component-newsletter45f0.css]
[www.coralviu.com/cdn/shop/t/2/assets/newsletter-section4c71.css]
[www.coralviu.com/cdn/shop/t/2/assets/section-footer7863.css]
[www.coralviu.com/cdn/shop/t/2/assets/component-list-paymentcc73.css]
[www.coralviu.com/cdn/shop/t/2/assets/component-list-socialc9f4.css]
[www.coralviu.com/pages/contacto.html]
[www.coralviu.com/pages/consejos-para-tus-joyas.html]
[www.coralviu.com/pages/envios-y-devoluciones.html]
[www.coralviu.com/cdn/shop/t/2/assets/component-image-with-text6230.css]
[www.coralviu.com/cdn/shop/files/guiatallas573f.jpg]
[www.coralviu.com/pages/guia-de-tallas.html]
[www.coralviu.com/pages/aviso-legal-y-rgdp.html]
[www.coralviu.com/pages/cookies.html]
[www.coralviu.com/cdn/shop/files/CORALVIU_LOGO_BLANCO1f21.svg]
[www.coralviu.com/cdn/shop/files/logo_coralviu_2a14a.svg]
[www.coralviu.com/collections/all4658.html]
[www.coralviu.com/collections/modules/chunk.common_DeI5GJNH.esm.js]
[www.coralviu.com/collections/i.html]
[www.coralviu.com/collections/POST.html]
[www.coralviu.com/cdn/shop/t/2/assets/component-facetsd8cb.css]
[www.coralviu.com/cdn/shop/t/2/assets/component-show-moreb93b.css]
[www.coralviu.com/cdn/shop/t/2/assets/component-visual-display288c.css]
[www.coralviu.com/collections/all2679.html]
[www.coralviu.com/products/anillo-cayume-banado-en-oro.oembed]
[www.coralviu.com/cdn/shop/files/CORALVIU-6363WEB_11266.jpg]
[www.coralviu.com/cdn/shop/files/coralviu2022-1611266.jpg]
[www.coralviu.com/cdn/shop/files/CORALVIU-6319HD1266.jpg]
[www.coralviu.com/cdn/shop/files/CORALVIU-6363WEB_1b8e7.jpg]
[www.coralviu.com/cdn/shop/files/coralviu2022-161b8e7.jpg]
[www.coralviu.com/cdn/shop/files/CORALVIU-6319HDb8e7.jpg]
[www.coralviu.com/cdn/shop/files/CORALVIU-6363WEB_12907.jpg]
[www.coralviu.com/cdn/shop/files/coralviu2022-1612907.jpg]
[www.coralviu.com/cdn/shop/files/CORALVIU-6319HD2907.jpg]
[www.coralviu.com/products/anillo-cayume-banado-en-oro.html]
[www.coralviu.com/products/anillo-cayume-plata.oembed]
[www.coralviu.com/cdn/shop/files/CORALVIU-6377WEBe764.jpg]
[www.coralviu.com/cdn/shop/files/coralviu2022-159e764.jpg]
[www.coralviu.com/cdn/shop/files/CORALVIU-6367WEBe764.jpg]
[www.coralviu.com/cdn/shop/files/CORALVIU-6377WEB1523.jpg]
[www.coralviu.com/cdn/shop/files/coralviu2022-1591523.jpg]
[www.coralviu.com/cdn/shop/files/CORALVIU-6367WEB1523.jpg]
[www.coralviu.com/cdn/shop/files/CORALVIU-6377WEBa392.jpg]
[www.coralviu.com/cdn/shop/files/coralviu2022-159a392.jpg]
[www.coralviu.com/cdn/shop/files/CORALVIU-6367WEBa392.jpg]
[www.coralviu.com/products/anillo-cayume-plata.html]
[www.coralviu.com/products/anillo-pequeno-coralina-banado-en-oro.oembed]
[www.coralviu.com/cdn/shop/files/CORALVIU-6343WEB_11zonf294.jpg]
[www.coralviu.com/cdn/shop/files/coralviu-84_11zonf294.jpg]
[www.coralviu.com/cdn/shop/files/CORALVIU-6361WEB_11zon684c.jpg]
[www.coralviu.com/cdn/shop/files/CORALVIU-6343WEB_11zonbeb9.jpg]
[www.coralviu.com/cdn/shop/files/coralviu-84_11zonbeb9.jpg]
[www.coralviu.com/cdn/shop/files/CORALVIU-6361WEB_11zon2e9c.jpg]
[www.coralviu.com/cdn/shop/files/CORALVIU-6343WEB_11zoncf56.jpg]
[www.coralviu.com/cdn/shop/files/coralviu-84_11zoncf56.jpg]
[www.coralviu.com/cdn/shop/files/CORALVIU-6361WEB_11zond9c2.jpg]
[www.coralviu.com/products/anillo-pequeno-coralina-banado-en-oro.html]
[www.coralviu.com/products/anillo-pequeno-coralina-plata.oembed]
[www.coralviu.com/cdn/shop/files/CORALVIU-6393WEB_11zonbf87.jpg]
[www.coralviu.com/cdn/shop/files/coralviu2-7_11zone1cb.jpg]
[www.coralviu.com/cdn/shop/files/CORALVIU-6389WEB_11zona487.jpg]
[www.coralviu.com/cdn/shop/files/CORALVIU-6393WEB_11zonca62.jpg]
[www.coralviu.com/cdn/shop/files/coralviu2-7_11zon8ecf.jpg]
[www.coralviu.com/cdn/shop/files/CORALVIU-6389WEB_11zon76a1.jpg]
[www.coralviu.com/cdn/shop/files/CORALVIU-6393WEB_11zon8941.jpg]
[www.coralviu.com/cdn/shop/files/coralviu2-7_11zone931.jpg]
[www.coralviu.com/cdn/shop/files/CORALVIU-6389WEB_11zon4d25.jpg]
[www.coralviu.com/products/anillo-pequeno-coralina-plata.html]
[www.coralviu.com/products/anillo-esponja-banado-en-oro.oembed]
[www.coralviu.com/cdn/shop/files/Prod15001_11849.jpg]
[www.coralviu.com/cdn/shop/files/Coralviu1871849.jpg]
[www.coralviu.com/cdn/shop/files/Prod15003c0ec.jpg]
[www.coralviu.com/cdn/shop/files/Coralviu1921849.jpg]
[www.coralviu.com/cdn/shop/files/Prod15001_1846c.jpg]
[www.coralviu.com/cdn/shop/files/Coralviu187846c.jpg]
[www.coralviu.com/cdn/shop/files/Prod15003da7a.jpg]
[www.coralviu.com/cdn/shop/files/Coralviu192846c.jpg]
[www.coralviu.com/cdn/shop/files/Prod15001_1c483.jpg]
[www.coralviu.com/cdn/shop/files/Coralviu187c483.jpg]
[www.coralviu.com/cdn/shop/files/Prod15003e642.jpg]
[www.coralviu.com/cdn/shop/files/Coralviu192c483.jpg]
[www.coralviu.com/products/anillo-esponja-banado-en-oro.html]
[www.coralviu.com/products/anillo-esponja-plata.oembed]
[www.coralviu.com/cdn/shop/files/Prod70016765.jpg]
[www.coralviu.com/cdn/shop/files/Coralviu0636923.jpg]
[www.coralviu.com/cdn/shop/files/Prod70047f26.jpg]
[www.coralviu.com/cdn/shop/files/Coralviu0516923.jpg]
[www.coralviu.com/cdn/shop/files/Prod70015c26.jpg]
[www.coralviu.com/cdn/shop/files/Coralviu063b1a8.jpg]
[www.coralviu.com/cdn/shop/files/Prod7004f1aa.jpg]
[www.coralviu.com/cdn/shop/files/Coralviu051b1a8.jpg]
[www.coralviu.com/cdn/shop/files/Prod7001dd50.jpg]
[www.coralviu.com/cdn/shop/files/Coralviu063d0fb.jpg]
[www.coralviu.com/cdn/shop/files/Prod70047f6a.jpg]
[www.coralviu.com/cdn/shop/files/Coralviu051d0fb.jpg]
[www.coralviu.com/products/anillo-esponja-plata.html]
[www.coralviu.com/products/anillo-eunicella-banado-en-oro-con-diamante-ecologico.oembed]
[www.coralviu.com/cdn/shop/files/Prod2000197e7.jpg]
[www.coralviu.com/cdn/shop/files/Coralviu18276de.jpg]
[www.coralviu.com/cdn/shop/files/Prod2000378fc.jpg]
[www.coralviu.com/cdn/shop/files/Coralviu174da61.jpg]
[www.coralviu.com/cdn/shop/files/Prod20001a538.jpg]
[www.coralviu.com/cdn/shop/files/Coralviu1821445.jpg]
[www.coralviu.com/cdn/shop/files/Prod20003127b.jpg]
[www.coralviu.com/cdn/shop/files/Coralviu17445a5.jpg]
[www.coralviu.com/cdn/shop/files/Prod200011538.jpg]
[www.coralviu.com/cdn/shop/files/Coralviu1827182.jpg]
[www.coralviu.com/cdn/shop/files/Prod200036866.jpg]
[www.coralviu.com/cdn/shop/files/Coralviu1740038.jpg]
[www.coralviu.com/products/anillo-eunicella-banado-en-oro-con-diamante-ecologico.html]
[www.coralviu.com/products/anillo-eunicella-plata-con-diamante-negro.oembed]
[www.coralviu.com/cdn/shop/files/AnilloEunicellaPlataf2fd.jpg]
[www.coralviu.com/cdn/shop/files/Coralviu074_1b617.jpg]
[www.coralviu.com/cdn/shop/files/Prod300334be.jpg]
[www.coralviu.com/cdn/shop/files/AnilloEunicellaPlata719d.jpg]
[www.coralviu.com/cdn/shop/files/Coralviu074_1da85.jpg]
[www.coralviu.com/cdn/shop/files/Prod30031d0b.jpg]
[www.coralviu.com/cdn/shop/files/AnilloEunicellaPlataca20.jpg]
[www.coralviu.com/cdn/shop/files/Coralviu074_1f0a6.jpg]
[www.coralviu.com/cdn/shop/files/Prod300315d9.jpg]
[www.coralviu.com/products/anillo-eunicella-plata-con-diamante-negro.html]
[www.coralviu.com/products/anillo-grande-coralina-banado-en-oro.oembed]
[www.coralviu.com/cdn/shop/files/CORALVIU-6352WEB_11zon8a4b.jpg]
[www.coralviu.com/cdn/shop/files/coralviu-77_11zon2958.jpg]
[www.coralviu.com/cdn/shop/files/CORALVIU-6357WEB_11zon2958.jpg]
[www.coralviu.com/cdn/shop/files/coralviu-76_11zon6258.jpg]
[www.coralviu.com/cdn/shop/files/CORALVIU-6352WEB_11zone40a.jpg]
[www.coralviu.com/cdn/shop/files/coralviu-77_11zon01d6.jpg]
[www.coralviu.com/cdn/shop/files/CORALVIU-6357WEB_11zon01d6.jpg]
[www.coralviu.com/cdn/shop/files/coralviu-76_11zonff0b.jpg]
[www.coralviu.com/cdn/shop/files/CORALVIU-6352WEB_11zonc69a.jpg]
[www.coralviu.com/cdn/shop/files/coralviu-77_11zonfdc1.jpg]
[www.coralviu.com/cdn/shop/files/CORALVIU-6357WEB_11zonfdc1.jpg]
[www.coralviu.com/cdn/shop/files/coralviu-76_11zon7744.jpg]
[www.coralviu.com/products/anillo-grande-coralina-banado-en-oro.html]
[www.coralviu.com/products/anillo-grande-coralina-plata.oembed]
[www.coralviu.com/cdn/shop/files/CORALVIU-6413WEB_11zonf0d7.jpg]
[www.coralviu.com/cdn/shop/files/coralviu-59_11zonf0d7.jpg]
[www.coralviu.com/cdn/shop/files/CORALVIU-6408WEB_11zonf0d7.jpg]
[www.coralviu.com/cdn/shop/files/coralviu-70_11zonf0d7.jpg]
[www.coralviu.com/cdn/shop/files/CORALVIU-6413WEB_11zon72db.jpg]
[www.coralviu.com/cdn/shop/files/coralviu-59_11zon72db.jpg]
[www.coralviu.com/cdn/shop/files/CORALVIU-6408WEB_11zon72db.jpg]
[www.coralviu.com/cdn/shop/files/coralviu-70_11zon72db.jpg]
[www.coralviu.com/cdn/shop/files/CORALVIU-6413WEB_11zon7ebb.jpg]
[www.coralviu.com/cdn/shop/files/coralviu-59_11zon7ebb.jpg]
[www.coralviu.com/cdn/shop/files/CORALVIU-6408WEB_11zon7ebb.jpg]
[www.coralviu.com/cdn/shop/files/coralviu-70_11zon7ebb.jpg]
[www.coralviu.com/products/anillo-grande-coralina-plata.html]
[www.coralviu.com/products/anillo-petalo-banado-en-oro.oembed]
[www.coralviu.com/cdn/shop/files/Prod12008c7c5.jpg]
[www.coralviu.com/cdn/shop/files/Coralviu165c7c5.jpg]
[www.coralviu.com/cdn/shop/files/Prod12001c7c5.jpg]
[www.coralviu.com/cdn/shop/files/Prod12008d2f8.jpg]
[www.coralviu.com/cdn/shop/files/Coralviu165d2f8.jpg]
[www.coralviu.com/cdn/shop/files/Prod12001d2f8.jpg]
[www.coralviu.com/cdn/shop/files/Prod12008641d.jpg]
[www.coralviu.com/cdn/shop/files/Coralviu165641d.jpg]
[www.coralviu.com/cdn/shop/files/Prod12001641d.jpg]
[www.coralviu.com/products/anillo-petalo-banado-en-oro.html]
[www.coralviu.com/products/anillo-petalo-plata.oembed]
[www.coralviu.com/cdn/shop/files/Prod4002_2e10e.jpg]
[www.coralviu.com/cdn/shop/files/Coralviu0363a21.jpg]
[www.coralviu.com/cdn/shop/files/Prod4003_13a21.jpg]
[www.coralviu.com/cdn/shop/files/Coralviu031_23a21.jpg]
[www.coralviu.com/cdn/shop/files/Prod4002_25679.jpg]
[www.coralviu.com/cdn/shop/files/Coralviu03621fd.jpg]
[www.coralviu.com/cdn/shop/files/Prod4003_121fd.jpg]
[www.coralviu.com/cdn/shop/files/Coralviu031_221fd.jpg]
[www.coralviu.com/cdn/shop/files/Prod4002_2cbcb.jpg]
[www.coralviu.com/cdn/shop/files/Coralviu036e0b1.jpg]
[www.coralviu.com/cdn/shop/files/Prod4003_1e0b1.jpg]
[www.coralviu.com/cdn/shop/files/Coralviu031_2e0b1.jpg]
[www.coralviu.com/products/anillo-petalo-plata.html]
[www.coralviu.com/products/aro-pequeno-coralina-banado-en-oro.oembed]
[www.coralviu.com/cdn/shop/files/CORALVIU-6256WEB_11zon5ad5.jpg]
[www.coralviu.com/cdn/shop/files/coralviu2-2_11zon6fb3.jpg]
[www.coralviu.com/cdn/shop/files/CORALVIU-6252WEB_11zon_e3f5954a-9996-4c9d-bb14-cc433b6b193b8867.jpg]
[www.coralviu.com/cdn/shop/files/coralviu-83_11zon7a56.jpg]
[www.coralviu.com/cdn/shop/files/CORALVIU-6256WEB_11zon7b69.jpg]
[www.coralviu.com/cdn/shop/files/coralviu2-2_11zon182d.jpg]
[www.coralviu.com/cdn/shop/files/CORALVIU-6252WEB_11zon_e3f5954a-9996-4c9d-bb14-cc433b6b193bde2e.jpg]
[www.coralviu.com/cdn/shop/files/coralviu-83_11zon0a1c.jpg]
[www.coralviu.com/cdn/shop/files/CORALVIU-6256WEB_11zon0dfa.jpg]
[www.coralviu.com/cdn/shop/files/coralviu2-2_11zonc95a.jpg]
[www.coralviu.com/cdn/shop/files/CORALVIU-6252WEB_11zon_e3f5954a-9996-4c9d-bb14-cc433b6b193b45b9.jpg]
[www.coralviu.com/cdn/shop/files/coralviu-83_11zone517.jpg]
[www.coralviu.com/products/aro-pequeno-coralina-banado-en-oro.html]
[www.coralviu.com/products/aro-pequeno-coralina-plata.oembed]
[www.coralviu.com/cdn/shop/files/CORALVIU-6423WEB_11zon25c1.jpg]
[www.coralviu.com/cdn/shop/files/coralviu2-6_11zon25c1.jpg]
[www.coralviu.com/cdn/shop/files/CORALVIU-6579WEB_11zon25c1.jpg]
[www.coralviu.com/cdn/shop/files/coralviu2-4_11zon25c1.jpg]
[www.coralviu.com/cdn/shop/files/CORALVIU-6423WEB_11zon2883.jpg]
[www.coralviu.com/cdn/shop/files/coralviu2-6_11zon2883.jpg]
[www.coralviu.com/cdn/shop/files/CORALVIU-6579WEB_11zon2883.jpg]
[www.coralviu.com/cdn/shop/files/coralviu2-4_11zon2883.jpg]
[www.coralviu.com/cdn/shop/files/CORALVIU-6423WEB_11zon99e7.jpg]
[www.coralviu.com/cdn/shop/files/coralviu2-6_11zon99e7.jpg]
[www.coralviu.com/cdn/shop/files/CORALVIU-6579WEB_11zon99e7.jpg]
[www.coralviu.com/cdn/shop/files/coralviu2-4_11zon99e7.jpg]
[www.coralviu.com/products/aro-pequeno-coralina-plata.html]
[www.coralviu.com/products/aro-esponja-banado-en-oro.oembed]
[www.coralviu.com/cdn/shop/files/Prod13001c8f3.jpg]
[www.coralviu.com/cdn/shop/files/Coralviu196865b.jpg]
[www.coralviu.com/cdn/shop/files/Prod13003fc7d.jpg]
[www.coralviu.com/cdn/shop/files/Prod13001f028.jpg]
[www.coralviu.com/cdn/shop/files/Coralviu196d7fe.jpg]
[www.coralviu.com/cdn/shop/files/Prod13003bb3a.jpg]
[www.coralviu.com/cdn/shop/files/Prod130013c54.jpg]
[www.coralviu.com/cdn/shop/files/Coralviu196db9a.jpg]
[www.coralviu.com/cdn/shop/files/Prod130039a73.jpg]
[www.coralviu.com/products/aro-esponja-banado-en-oro.html]
[www.coralviu.com/products/aro-esponja-plata.oembed]
[www.coralviu.com/cdn/shop/files/Prod600611e1.jpg]
[www.coralviu.com/cdn/shop/files/Coralviu0676875.jpg]
[www.coralviu.com/cdn/shop/files/Prod6001d46f.jpg]
[www.coralviu.com/cdn/shop/files/Coralviu0654237.jpg]
[www.coralviu.com/cdn/shop/files/Prod6006eb22.jpg]
[www.coralviu.com/cdn/shop/files/Coralviu067cc1d.jpg]
[www.coralviu.com/cdn/shop/files/Prod600176cb.jpg]
[www.coralviu.com/cdn/shop/files/Coralviu065e719.jpg]
[www.coralviu.com/cdn/shop/files/Prod600628e9.jpg]
[www.coralviu.com/cdn/shop/files/Coralviu067de3b.jpg]
[www.coralviu.com/cdn/shop/files/Prod60015219.jpg]
[www.coralviu.com/cdn/shop/files/Coralviu0653d67.jpg]
[www.coralviu.com/products/aro-esponja-plata.html]
[www.coralviu.com/cdn/shop/t/2/assets/component-pagination6d9c.css]
[www.coralviu.com/collections/all9ba9.html]
[www.coralviu.com/collections/pendientes2679.html]
[www.coralviu.com/collections/pendientes4658.oembed]
[www.coralviu.com/collections/pendientes4658.html]
[www.coralviu.com/products/pendiente-ramificacion-gorgonia-pequeno-banado-en-oro.oembed]
[www.coralviu.com/cdn/shop/files/CORALVIU-6171WEB_11zon2bf0.jpg]
[www.coralviu.com/cdn/shop/files/Coralviu0962bf0.jpg]
[www.coralviu.com/cdn/shop/files/CORALVIU-6181WEB_11zon2bf0.jpg]
[www.coralviu.com/cdn/shop/files/Coralviu0972bf0.jpg]
[www.coralviu.com/cdn/shop/files/CORALVIU-6171WEB_11zon96b9.jpg]
[www.coralviu.com/cdn/shop/files/Coralviu09696b9.jpg]
[www.coralviu.com/cdn/shop/files/CORALVIU-6181WEB_11zon96b9.jpg]
[www.coralviu.com/cdn/shop/files/Coralviu09796b9.jpg]
[www.coralviu.com/cdn/shop/files/CORALVIU-6171WEB_11zon5a13.jpg]
[www.coralviu.com/cdn/shop/files/Coralviu0965a13.jpg]
[www.coralviu.com/cdn/shop/files/CORALVIU-6181WEB_11zon5a13.jpg]
[www.coralviu.com/cdn/shop/files/Coralviu0975a13.jpg]
[www.coralviu.com/products/pendiente-ramificacion-gorgonia-pequeno-banado-en-oro.html]
[www.coralviu.com/products/pendiente-boton-petalo-plata.oembed]
[www.coralviu.com/cdn/shop/files/Prod14001_1f075.jpg]
[www.coralviu.com/cdn/shop/files/Coralviu0064c79.jpg]
[www.coralviu.com/cdn/shop/files/Coralviu024a34f.jpg]
[www.coralviu.com/cdn/shop/files/Prod14001_1ed55.jpg]
[www.coralviu.com/cdn/shop/files/Coralviu006c546.jpg]
[www.coralviu.com/cdn/shop/files/Coralviu02495f5.jpg]
[www.coralviu.com/cdn/shop/files/Prod14001_19cd8.jpg]
[www.coralviu.com/cdn/shop/files/Coralviu0064fef.jpg]
[www.coralviu.com/cdn/shop/files/Coralviu024e7be.jpg]
[www.coralviu.com/products/pendiente-boton-petalo-plata.html]
[www.coralviu.com/products/pendiente-cayume-plata.oembed]
[www.coralviu.com/cdn/shop/files/CORALVIU-6517HD_12ed7.jpg]
[www.coralviu.com/cdn/shop/files/coralviu2022-1572ed7.jpg]
[www.coralviu.com/cdn/shop/files/coralviu2-243dfc.jpg]
[www.coralviu.com/cdn/shop/files/CORALVIU-6517HD_16898.jpg]
[www.coralviu.com/cdn/shop/files/coralviu2022-1576898.jpg]
[www.coralviu.com/cdn/shop/files/coralviu2-2485b1.jpg]
[www.coralviu.com/cdn/shop/files/CORALVIU-6517HD_1e876.jpg]
[www.coralviu.com/cdn/shop/files/coralviu2022-157e876.jpg]
[www.coralviu.com/cdn/shop/files/coralviu2-24879f.jpg]
[www.coralviu.com/products/pendiente-cayume-plata.html]
[www.coralviu.com/products/pendiente-ramificacion-gorgonia-grande-plata.oembed]
[www.coralviu.com/cdn/shop/files/CORALVIU-6504WEB_11zon6405.jpg]
[www.coralviu.com/cdn/shop/files/Coralviu1095607.jpg]
[www.coralviu.com/cdn/shop/files/CORALVIU-6584WEB_11zon7bb5.jpg]
[www.coralviu.com/cdn/shop/files/CORALVIU-6504WEB_11zon4bcc.jpg]
[www.coralviu.com/cdn/shop/files/Coralviu109ff06.jpg]
[www.coralviu.com/cdn/shop/files/CORALVIU-6584WEB_11zone2e0.jpg]
[www.coralviu.com/cdn/shop/files/CORALVIU-6504WEB_11zona9c5.jpg]
[www.coralviu.com/cdn/shop/files/Coralviu109ee2a.jpg]
[www.coralviu.com/cdn/shop/files/CORALVIU-6584WEB_11zonb513.jpg]
[www.coralviu.com/products/pendiente-ramificacion-gorgonia-grande-plata.html]
[www.coralviu.com/products/pendiente-boton-coralina-plata.oembed]
[www.coralviu.com/cdn/shop/files/CORALVIU-6462WEB_11zon8b6a.jpg]
[www.coralviu.com/cdn/shop/files/coralviu2-8df5c.jpg]
[www.coralviu.com/cdn/shop/files/CORALVIU-6474WEB9209.jpg]
[www.coralviu.com/cdn/shop/files/coralviu-85_11zon6068.jpg]
[www.coralviu.com/cdn/shop/files/CORALVIU-6462WEB_11zond956.jpg]
[www.coralviu.com/cdn/shop/files/coralviu2-89664.jpg]
[www.coralviu.com/cdn/shop/files/CORALVIU-6474WEB1e1d.jpg]
[www.coralviu.com/cdn/shop/files/coralviu-85_11zon4868.jpg]
[www.coralviu.com/cdn/shop/files/CORALVIU-6462WEB_11zoneeb5.jpg]
[www.coralviu.com/cdn/shop/files/coralviu2-82778.jpg]
[www.coralviu.com/cdn/shop/files/CORALVIU-6474WEB2df9.jpg]
[www.coralviu.com/cdn/shop/files/coralviu-85_11zonfb93.jpg]
[www.coralviu.com/products/pendiente-boton-coralina-plata.html]
[www.coralviu.com/products/pendiente-boton-coralina-banado-en-oro.oembed]
[www.coralviu.com/cdn/shop/files/CORALVIU-6273WEBa15d.jpg]
[www.coralviu.com/cdn/shop/files/coralviu-14_11zon4b57.jpg]
[www.coralviu.com/cdn/shop/files/CORALVIU-6196WEBbf4c.jpg]
[www.coralviu.com/cdn/shop/files/CORALVIU-6273WEB2a84.jpg]
[www.coralviu.com/cdn/shop/files/coralviu-14_11zon50fc.jpg]
[www.coralviu.com/cdn/shop/files/CORALVIU-6196WEB5631.jpg]
[www.coralviu.com/cdn/shop/files/CORALVIU-6273WEB21de.jpg]
[www.coralviu.com/cdn/shop/files/coralviu-14_11zon15a1.jpg]
[www.coralviu.com/cdn/shop/files/CORALVIU-6196WEB32a3.jpg]
[www.coralviu.com/products/pendiente-boton-coralina-banado-en-oro.html]
[www.coralviu.com/products/aro-grande-coralina-plata.oembed]
[www.coralviu.com/cdn/shop/files/CORALVIU-6436WEB_11zonb5e6.jpg]
[www.coralviu.com/cdn/shop/files/coralviu-58_11zon251a.jpg]
[www.coralviu.com/cdn/shop/files/coralviu-61_11zon4042.jpg]
[www.coralviu.com/cdn/shop/files/CORALVIU-6436WEB_11zon6e5c.jpg]
[www.coralviu.com/cdn/shop/files/coralviu-58_11zon2036.jpg]
[www.coralviu.com/cdn/shop/files/coralviu-61_11zon5fce.jpg]
[www.coralviu.com/cdn/shop/files/CORALVIU-6436WEB_11zon20c1.jpg]
[www.coralviu.com/cdn/shop/files/coralviu-58_11zon396b.jpg]
[www.coralviu.com/cdn/shop/files/coralviu-61_11zon579c.jpg]
[www.coralviu.com/products/aro-grande-coralina-plata.html]
[www.coralviu.com/products/pendiente-boton-petalo-banado-en-oro.oembed]
[www.coralviu.com/cdn/shop/files/PendienteBotonPetaloOro36915.jpg]
[www.coralviu.com/cdn/shop/files/Coralviu171fb05.jpg]
[www.coralviu.com/cdn/shop/files/PendienteBotonPetaloOro2443b.jpg]
[www.coralviu.com/cdn/shop/files/Coralviu1706915.jpg]
[www.coralviu.com/cdn/shop/files/PendienteBotonPetaloOro3bd41.jpg]
[www.coralviu.com/cdn/shop/files/Coralviu171d85f.jpg]
[www.coralviu.com/cdn/shop/files/PendienteBotonPetaloOro235fb.jpg]
[www.coralviu.com/cdn/shop/files/Coralviu170bd41.jpg]
[www.coralviu.com/cdn/shop/files/PendienteBotonPetaloOro3534b.jpg]
[www.coralviu.com/cdn/shop/files/Coralviu1710f14.jpg]
[www.coralviu.com/cdn/shop/files/PendienteBotonPetaloOro27f4d.jpg]
[www.coralviu.com/cdn/shop/files/Coralviu170534b.jpg]
[www.coralviu.com/products/pendiente-boton-petalo-banado-en-oro.html]
[www.coralviu.com/products/pendiente-cayume-banado-en-oro.oembed]
[www.coralviu.com/cdn/shop/files/CORALVIU-6219WEBf0c2.jpg]
[www.coralviu.com/cdn/shop/files/coralviu2022-158f0c2.jpg]
[www.coralviu.com/cdn/shop/files/CORALVIU-6219WEB2a47.jpg]
[www.coralviu.com/cdn/shop/files/coralviu2022-1582a47.jpg]
[www.coralviu.com/cdn/shop/files/CORALVIU-6219WEB795b.jpg]
[www.coralviu.com/cdn/shop/files/coralviu2022-158795b.jpg]
[www.coralviu.com/products/pendiente-cayume-banado-en-oro.html]
[www.coralviu.com/products/pendiente-ramificacion-gorgonia-pequeno-plata.oembed]
[www.coralviu.com/cdn/shop/files/CORALVIU-6485WEB_11zonc370.jpg]
[www.coralviu.com/cdn/shop/files/Coralviu108_11zon6922.jpg]
[www.coralviu.com/cdn/shop/files/CORALVIU-6573WEB_11zonbd99.jpg]
[www.coralviu.com/cdn/shop/files/CORALVIU-6485WEB_11zon01f5.jpg]
[www.coralviu.com/cdn/shop/files/Coralviu108_11zoned35.jpg]
[www.coralviu.com/cdn/shop/files/CORALVIU-6573WEB_11zon15a1.jpg]
[www.coralviu.com/cdn/shop/files/CORALVIU-6485WEB_11zon84cb.jpg]
[www.coralviu.com/cdn/shop/files/Coralviu108_11zon610c.jpg]
[www.coralviu.com/cdn/shop/files/CORALVIU-6573WEB_11zon7340.jpg]
[www.coralviu.com/products/pendiente-ramificacion-gorgonia-pequeno-plata.html]
[www.coralviu.com/products/pendiente-ramificacion-gorgonia-grande-banado-en-oro.oembed]
[www.coralviu.com/cdn/shop/files/CORALVIU-6165WEB_11zon9fe6.jpg]
[www.coralviu.com/cdn/shop/files/coralviu2022-40_11zonfe1d.jpg]
[www.coralviu.com/cdn/shop/files/CORALVIU-6169WEB2f40.jpg]
[www.coralviu.com/cdn/shop/files/coralviu2022-39_11zonfc3f.jpg]
[www.coralviu.com/cdn/shop/files/CORALVIU-6165WEB_11zond7e5.jpg]
[www.coralviu.com/cdn/shop/files/coralviu2022-40_11zon9cde.jpg]
[www.coralviu.com/cdn/shop/files/CORALVIU-6169WEB2fc3.jpg]
[www.coralviu.com/cdn/shop/files/coralviu2022-39_11zon26cc.jpg]
[www.coralviu.com/cdn/shop/files/CORALVIU-6165WEB_11zona589.jpg]
[www.coralviu.com/cdn/shop/files/coralviu2022-40_11zonb982.jpg]
[www.coralviu.com/cdn/shop/files/CORALVIU-6169WEBeb3d.jpg]
[www.coralviu.com/cdn/shop/files/coralviu2022-39_11zon1773.jpg]
[www.coralviu.com/products/pendiente-ramificacion-gorgonia-grande-banado-en-oro.html]
[www.coralviu.com/products/aro-grande-coralina-banado-en-oro.oembed]
[www.coralviu.com/cdn/shop/files/CORALVIU-6252WEB_11zon4913.jpg]
[www.coralviu.com/cdn/shop/files/coralviu-75_11zon4913.jpg]
[www.coralviu.com/cdn/shop/files/CORALVIU-6311WEB_11zon6b72.jpg]
[www.coralviu.com/cdn/shop/files/CORALVIU-6252WEB_11zonedbb.jpg]
[www.coralviu.com/cdn/shop/files/coralviu-75_11zonedbb.jpg]
[www.coralviu.com/cdn/shop/files/CORALVIU-6311WEB_11zonfb45.jpg]
[www.coralviu.com/cdn/shop/files/CORALVIU-6252WEB_11zon6eba.jpg]
[www.coralviu.com/cdn/shop/files/coralviu-75_11zon6eba.jpg]
[www.coralviu.com/cdn/shop/files/CORALVIU-6311WEB_11zon6c11.jpg]
[www.coralviu.com/products/aro-grande-coralina-banado-en-oro.html]
[www.coralviu.com/products/pendiente-doble-petalo-plata.oembed]
[www.coralviu.com/cdn/shop/files/Prod17003d371.jpg]
[www.coralviu.com/cdn/shop/files/Coralviu16881af.jpg]
[www.coralviu.com/cdn/shop/files/Coralviu169_130f7.jpg]
[www.coralviu.com/cdn/shop/files/Prod170034523.jpg]
[www.coralviu.com/cdn/shop/files/Coralviu1684ed0.jpg]
[www.coralviu.com/cdn/shop/files/Coralviu169_1c660.jpg]
[www.coralviu.com/cdn/shop/files/Prod170039886.jpg]
[www.coralviu.com/cdn/shop/files/Coralviu168f8d8.jpg]
[www.coralviu.com/cdn/shop/files/Coralviu169_1e2af.jpg]
[www.coralviu.com/products/pendiente-doble-petalo-plata.html]
[www.coralviu.com/products/colgante-largo-gorgonia-banado-en-oro-70cm.oembed]
[www.coralviu.com/cdn/shop/files/CORALVIU-6104WEB_4b7bb8cb-df91-49a3-b85d-c4c45c708d82511a.jpg]
[www.coralviu.com/cdn/shop/files/coralviu2022-35_d2886a5b-d7d1-4aea-985c-6409e29b4d7b5f22.jpg]
[www.coralviu.com/cdn/shop/files/coralviu2022-36_dce441d6-c134-4454-82d4-fc2256acf3be57a8.jpg]
[www.coralviu.com/cdn/shop/files/CORALVIU-6104WEB_4b7bb8cb-df91-49a3-b85d-c4c45c708d827045.jpg]
[www.coralviu.com/cdn/shop/files/coralviu2022-35_d2886a5b-d7d1-4aea-985c-6409e29b4d7b0f62.jpg]
[www.coralviu.com/cdn/shop/files/coralviu2022-36_dce441d6-c134-4454-82d4-fc2256acf3bebddc.jpg]
[www.coralviu.com/cdn/shop/files/CORALVIU-6104WEB_4b7bb8cb-df91-49a3-b85d-c4c45c708d829aa2.jpg]
[www.coralviu.com/cdn/shop/files/coralviu2022-35_d2886a5b-d7d1-4aea-985c-6409e29b4d7b1bfa.jpg]
[www.coralviu.com/cdn/shop/files/coralviu2022-36_dce441d6-c134-4454-82d4-fc2256acf3beac79.jpg]
[www.coralviu.com/products/colgante-largo-gorgonia-banado-en-oro-70cm.html]
[www.coralviu.com/products/colgante-lateral-gorgonia-banado-en-oro-40cm.oembed]
[www.coralviu.com/cdn/shop/files/CORALVIU-6122WEB9a21.jpg]
[www.coralviu.com/cdn/shop/files/Coralviu17593d8.jpg]
[www.coralviu.com/cdn/shop/files/CORALVIU-6127WEB66dd.jpg]
[www.coralviu.com/cdn/shop/files/CORALVIU-6122WEB579c.jpg]
[www.coralviu.com/cdn/shop/files/Coralviu175f5bb.jpg]
[www.coralviu.com/cdn/shop/files/CORALVIU-6127WEB61f8.jpg]
[www.coralviu.com/cdn/shop/files/CORALVIU-6122WEB0852.jpg]
[www.coralviu.com/cdn/shop/files/Coralviu1755b51.jpg]
[www.coralviu.com/cdn/shop/files/CORALVIU-6127WEBa611.jpg]
[www.coralviu.com/products/colgante-lateral-gorgonia-banado-en-oro-40cm.html]
[www.coralviu.com/products/colgante-largo-gorgonia-plata-70cm.oembed]
[www.coralviu.com/cdn/shop/files/CORALVIU-6564WEB_11zon_6f2c5e5c-d708-4dd8-b163-209448302b2466e5.jpg]
[www.coralviu.com/cdn/shop/files/coralviu2022-57_11zon7c4a.jpg]
[www.coralviu.com/cdn/shop/files/coralviu2022-58_11zonb3c8.jpg]
[www.coralviu.com/cdn/shop/files/CORALVIU-6564WEB_11zon_6f2c5e5c-d708-4dd8-b163-209448302b24609d.jpg]
[www.coralviu.com/cdn/shop/files/coralviu2022-57_11zon2f3d.jpg]
[www.coralviu.com/cdn/shop/files/coralviu2022-58_11zoncb1a.jpg]
[www.coralviu.com/cdn/shop/files/CORALVIU-6564WEB_11zon_6f2c5e5c-d708-4dd8-b163-209448302b245547.jpg]
[www.coralviu.com/cdn/shop/files/coralviu2022-57_11zonbc1b.jpg]
[www.coralviu.com/cdn/shop/files/coralviu2022-58_11zoneb53.jpg]
[www.coralviu.com/products/colgante-largo-gorgonia-plata-70cm.html]
[www.coralviu.com/products/colgante-corto-gorgonia-plata-40cm.oembed]
[www.coralviu.com/cdn/shop/files/CORALVIU-6560WEB_11zon68b7.jpg]
[www.coralviu.com/cdn/shop/files/Coralviu110_11zon0fb0.jpg]
[www.coralviu.com/cdn/shop/files/CORALVIU-6564WEB_11zonac25.jpg]
[www.coralviu.com/cdn/shop/files/CORALVIU-6560WEB_11zone1fd.jpg]
[www.coralviu.com/cdn/shop/files/Coralviu110_11zon45a3.jpg]
[www.coralviu.com/cdn/shop/files/CORALVIU-6564WEB_11zon4a33.jpg]
[www.coralviu.com/cdn/shop/files/CORALVIU-6560WEB_11zon4d89.jpg]
[www.coralviu.com/cdn/shop/files/Coralviu110_11zon73d2.jpg]
[www.coralviu.com/cdn/shop/files/CORALVIU-6564WEB_11zon1556.jpg]
[www.coralviu.com/products/colgante-corto-gorgonia-plata-40cm.html]
[www.coralviu.com/products/colgante-cayume-plata-40cm.oembed]
[www.coralviu.com/cdn/shop/files/CORALVIU-6538WEB6a5d.jpg]
[www.coralviu.com/cdn/shop/files/coralviu2022-1496a5d.jpg]
[www.coralviu.com/cdn/shop/files/CORALVIU-6558WEB674c.jpg]
[www.coralviu.com/cdn/shop/files/CORALVIU-6538WEB1a56.jpg]
[www.coralviu.com/cdn/shop/files/coralviu2022-1491a56.jpg]
[www.coralviu.com/cdn/shop/files/CORALVIU-6558WEB62fc.jpg]
[www.coralviu.com/cdn/shop/files/CORALVIU-6538WEBb6dd.jpg]
[www.coralviu.com/cdn/shop/files/coralviu2022-149b6dd.jpg]
[www.coralviu.com/cdn/shop/files/CORALVIU-6558WEBdfb9.jpg]
[www.coralviu.com/products/colgante-cayume-plata-40cm.html]
[www.coralviu.com/products/colgante-cayume-banado-en-oro-40cm.oembed]
[www.coralviu.com/cdn/shop/files/CORALVIU-6141WEB92e8.jpg]
[www.coralviu.com/cdn/shop/files/coralviu2022-14492e8.jpg]
[www.coralviu.com/cdn/shop/files/CORALVIU-6280WEB8191.jpg]
[www.coralviu.com/cdn/shop/files/CORALVIU-6141WEB5460.jpg]
[www.coralviu.com/cdn/shop/files/coralviu2022-1445460.jpg]
[www.coralviu.com/cdn/shop/files/CORALVIU-6280WEB11d6.jpg]
[www.coralviu.com/cdn/shop/files/CORALVIU-6141WEB5f39.jpg]
[www.coralviu.com/cdn/shop/files/coralviu2022-1445f39.jpg]
[www.coralviu.com/cdn/shop/files/CORALVIU-6280WEB3ce6.jpg]
[www.coralviu.com/products/colgante-cayume-banado-en-oro-40cm.html]
[www.coralviu.com/products/colgante-lateral-gorgonia-plata-40cm.oembed]
[www.coralviu.com/cdn/shop/files/CORALVIU-6528WEB_11zonae80.jpg]
[www.coralviu.com/cdn/shop/files/Coralviu106_11zone251.jpg]
[www.coralviu.com/cdn/shop/files/CORALVIU-6532WEB_11zon4eaa.jpg]
[www.coralviu.com/cdn/shop/files/CORALVIU-6528WEB_11zon46cb.jpg]
[www.coralviu.com/cdn/shop/files/Coralviu106_11zon56b2.jpg]
[www.coralviu.com/cdn/shop/files/CORALVIU-6532WEB_11zonf756.jpg]
[www.coralviu.com/cdn/shop/files/CORALVIU-6528WEB_11zonc300.jpg]
[www.coralviu.com/cdn/shop/files/Coralviu106_11zonba1b.jpg]
[www.coralviu.com/cdn/shop/files/CORALVIU-6532WEB_11zone624.jpg]
[www.coralviu.com/products/colgante-lateral-gorgonia-plata-40cm.html]
[www.coralviu.com/products/colgante-corto-gorgonia-banado-en-oro-40cm.oembed]
[www.coralviu.com/cdn/shop/files/CORALVIU-6102WEB569d.jpg]
[www.coralviu.com/cdn/shop/files/Coralviu103_1dc31.jpg]
[www.coralviu.com/cdn/shop/files/Coralviu101a7f1.jpg]
[www.coralviu.com/cdn/shop/files/CORALVIU-6102WEB341d.jpg]
[www.coralviu.com/cdn/shop/files/Coralviu103_171ba.jpg]
[www.coralviu.com/cdn/shop/files/Coralviu1011549.jpg]
[www.coralviu.com/cdn/shop/files/CORALVIU-6102WEBd02a.jpg]
[www.coralviu.com/cdn/shop/files/Coralviu103_1c6c8.jpg]
[www.coralviu.com/cdn/shop/files/Coralviu1016dcd.jpg]
[www.coralviu.com/products/colgante-corto-gorgonia-banado-en-oro-40cm.html]
[www.coralviu.com/products/colgante-triple-petalo-plata.oembed]
[www.coralviu.com/cdn/shop/files/Prod11001_126db.jpg]
[www.coralviu.com/cdn/shop/files/Coralviu008b411.jpg]
[www.coralviu.com/cdn/shop/files/Coralviu00956f7.jpg]
[www.coralviu.com/cdn/shop/files/Prod11001_157af.jpg]
[www.coralviu.com/cdn/shop/files/Coralviu008de38.jpg]
[www.coralviu.com/cdn/shop/files/Coralviu009c2c9.jpg]
[www.coralviu.com/cdn/shop/files/Prod11001_19317.jpg]
[www.coralviu.com/cdn/shop/files/Coralviu0089ed7.jpg]
[www.coralviu.com/cdn/shop/files/Coralviu00928cb.jpg]
[www.coralviu.com/products/colgante-triple-petalo-plata.html]
[www.coralviu.com/products/colgante-triple-petalo-banado-en-oro.oembed]
[www.coralviu.com/cdn/shop/files/Prod160037561.jpg]
[www.coralviu.com/cdn/shop/files/Coralviu1727561.jpg]
[www.coralviu.com/cdn/shop/files/Prod16001_17561.jpg]
[www.coralviu.com/cdn/shop/files/Prod16003bde3.jpg]
[www.coralviu.com/cdn/shop/files/Coralviu172bde3.jpg]
[www.coralviu.com/cdn/shop/files/Prod16001_1bde3.jpg]
[www.coralviu.com/cdn/shop/files/Prod160033061.jpg]
[www.coralviu.com/cdn/shop/files/Coralviu1723061.jpg]
[www.coralviu.com/cdn/shop/files/Prod16001_13061.jpg]
[www.coralviu.com/products/colgante-triple-petalo-banado-en-oro.html]
[www.coralviu.com/products/colgante-solitario-petalo-plata.oembed]
[www.coralviu.com/cdn/shop/files/Prod8002_17fa1.jpg]
[www.coralviu.com/cdn/shop/files/Coralviu025510b.jpg]
[www.coralviu.com/cdn/shop/files/Prod8003aff1.jpg]
[www.coralviu.com/cdn/shop/files/Prod8002_10ceb.jpg]
[www.coralviu.com/cdn/shop/files/Coralviu025c554.jpg]
[www.coralviu.com/cdn/shop/files/Prod8003afee.jpg]
[www.coralviu.com/cdn/shop/files/Prod8002_19646.jpg]
[www.coralviu.com/cdn/shop/files/Coralviu0255e80.jpg]
[www.coralviu.com/cdn/shop/files/Prod80037c45.jpg]
[www.coralviu.com/products/colgante-solitario-petalo-plata.html]
[www.coralviu.com/products/colgante-solitario-petalo-banado-en-oro.oembed]
[www.coralviu.com/cdn/shop/files/Prod18004b8d8.jpg]
[www.coralviu.com/cdn/shop/files/Coralviu16648b4.jpg]
[www.coralviu.com/cdn/shop/files/Prod1800348b4.jpg]
[www.coralviu.com/cdn/shop/files/Prod1800466a5.jpg]
[www.coralviu.com/cdn/shop/files/Coralviu166aa42.jpg]
[www.coralviu.com/cdn/shop/files/Prod18003aa42.jpg]
[www.coralviu.com/cdn/shop/files/Prod1800489d0.jpg]
[www.coralviu.com/cdn/shop/files/Coralviu166ea04.jpg]
[www.coralviu.com/cdn/shop/files/Prod18003ea04.jpg]
[www.coralviu.com/products/colgante-solitario-petalo-banado-en-oro.html]
[www.coralviu.com/products/brazalete-eunicella-plata.oembed]
[www.coralviu.com/cdn/shop/files/Prod900215ea.jpg]
[www.coralviu.com/cdn/shop/files/Coralviu07815ea.jpg]
[www.coralviu.com/cdn/shop/files/Prod900415ea.jpg]
[www.coralviu.com/cdn/shop/files/Coralviu07515ea.jpg]
[www.coralviu.com/cdn/shop/files/Prod90023e45.jpg]
[www.coralviu.com/cdn/shop/files/Coralviu0783e45.jpg]
[www.coralviu.com/cdn/shop/files/Prod90043e45.jpg]
[www.coralviu.com/cdn/shop/files/Coralviu0753e45.jpg]
[www.coralviu.com/cdn/shop/files/Prod90024912.jpg]
[www.coralviu.com/cdn/shop/files/Coralviu0784912.jpg]
[www.coralviu.com/cdn/shop/files/Prod90044912.jpg]
[www.coralviu.com/cdn/shop/files/Coralviu0754912.jpg]
[www.coralviu.com/products/brazalete-eunicella-plata.html]
[www.coralviu.com/products/brazalete-eunicella-banado-en-oro.oembed]
[www.coralviu.com/cdn/shop/files/Prod19001_13a53.jpg]
[www.coralviu.com/cdn/shop/files/Coralviu177e891.jpg]
[www.coralviu.com/cdn/shop/files/Prod190039a6b.jpg]
[www.coralviu.com/cdn/shop/files/Prod19001_15ca0.jpg]
[www.coralviu.com/cdn/shop/files/Coralviu17770f2.jpg]
[www.coralviu.com/cdn/shop/files/Prod19003f1ff.jpg]
[www.coralviu.com/cdn/shop/files/Prod19001_1627c.jpg]
[www.coralviu.com/cdn/shop/files/Coralviu1775ac5.jpg]
[www.coralviu.com/cdn/shop/files/Prod190037f9a.jpg]
[www.coralviu.com/products/brazalete-eunicella-banado-en-oro.html]
[www.coralviu.com/products/pendiente-doble-petalo-banado-en-oro.oembed]
[www.coralviu.com/cdn/shop/files/PetaloDobleOro14332.jpg]
[www.coralviu.com/cdn/shop/files/Coralviu16763fa.jpg]
[www.coralviu.com/cdn/shop/files/Coralviu1608baa.jpg]
[www.coralviu.com/cdn/shop/files/PetaloDobleOro15d29.jpg]
[www.coralviu.com/cdn/shop/files/Coralviu167dcd2.jpg]
[www.coralviu.com/cdn/shop/files/Coralviu160eb21.jpg]
[www.coralviu.com/cdn/shop/files/PetaloDobleOro1203e.jpg]
[www.coralviu.com/cdn/shop/files/Coralviu1676f40.jpg]
[www.coralviu.com/cdn/shop/files/Coralviu16060a7.jpg]
[www.coralviu.com/products/pendiente-doble-petalo-banado-en-oro.html]
[www.coralviu.com/pages/modules/chunk.common_DeI5GJNH.esm.js]
[www.coralviu.com/pages/i.html]
[www.coralviu.com/pages/POST.html]
[www.coralviu.com/cdn/shop/t/2/assets/section-contact-formdf16.css]
[www.coralviu.com/cdn/shop/t/2/assets/component-cart76cf.css]
[www.coralviu.com/cdn/shop/t/2/assets/component-totals132e.css]
[www.coralviu.com/cdn/shop/t/2/assets/component-discounts5cfa.css]
[www.coralviu.com/cdn/shop/t/2/assets/quantity-popover0344.css]
[www.coralviu.com/Trident/index.html]
[www.coralviu.com/products/modules/chunk.common_DeI5GJNH.esm.js]
[www.coralviu.com/products/i.html]
[www.coralviu.com/products/POST.html]
[www.coralviu.com/cdn/shop/t/2/assets/section-main-product0a4f.css]
[www.coralviu.com/cdn/shop/t/2/assets/component-accordion79d8.css]
[www.coralviu.com/cdn/shop/t/2/assets/component-pickup-availabilityc6d7.css]
[www.coralviu.com/products/Trident/index.html]
[www.coralviu.com/cdn/shop/t/2/assets/section-related-productsa5b2.css]
[www.coralviu.com/cdn/shop/t/2/assets/component-image-with-text6230.css]
[www.coralviu.com/collections/all2679.html]
[www.coralviu.com/collections/pendientes2679.html]
